Copyright 1986-2018 Xilinx, Inc. All Rights Reserved.
--------------------------------------------------------------------------------------
| Tool Version : Vivado v.2018.2.2 (lin64) Build 2348494 Mon Oct  1 18:25:39 MDT 2018
| Date         : Tue Dec 18 17:31:51 2018
| Host         : sieber running 64-bit Ubuntu 18.04.1 LTS
| Command      : report_control_sets -verbose -file Main_control_sets_placed.rpt
| Design       : Main
| Device       : xc7k70t
--------------------------------------------------------------------------------------

Control Set Information

Table of Contents
-----------------
1. Summary
2. Histogram
3. Flip-Flop Distribution
4. Detailed Control Set Information

1. Summary
----------

+----------------------------------------------------------+-------+
|                          Status                          | Count |
+----------------------------------------------------------+-------+
| Number of unique control sets                            |    15 |
| Unused register locations in slices containing registers |    32 |
+----------------------------------------------------------+-------+


2. Histogram
------------

+--------+--------------+
| Fanout | Control Sets |
+--------+--------------+
|      4 |            1 |
|      8 |            2 |
|     10 |            1 |
|     12 |            1 |
|     14 |            1 |
|    16+ |            9 |
+--------+--------------+


3. Flip-Flop Distribution
-------------------------

+--------------+-----------------------+------------------------+-----------------+--------------+
| Clock Enable | Synchronous Set/Reset | Asynchronous Set/Reset | Total Registers | Total Slices |
+--------------+-----------------------+------------------------+-----------------+--------------+
| No           | No                    | No                     |               4 |            2 |
| No           | No                    | Yes                    |              36 |            9 |
| No           | Yes                   | No                     |              14 |            2 |
| Yes          | No                    | No                     |               0 |            0 |
| Yes          | No                    | Yes                    |             194 |           41 |
| Yes          | Yes                   | No                     |               0 |            0 |
+--------------+-----------------------+------------------------+-----------------+--------------+


4. Detailed Control Set Information
-----------------------------------

+----------------+----------------------------+------------------------+------------------+----------------+
|  Clock Signal  |        Enable Signal       |    Set/Reset Signal    | Slice Load Count | Bel Load Count |
+----------------+----------------------------+------------------------+------------------+----------------+
|  clk_IBUF_BUFG |                            |                        |                2 |              4 |
|  clk_IBUF_BUFG | rx_mod/s_next              | reset_IBUF             |                2 |              8 |
|  clk_IBUF_BUFG | tx_mod/s_next              | reset_IBUF             |                2 |              8 |
|  clk_IBUF_BUFG | rx_mod/op_reg[5][0]        | reset_IBUF             |                2 |             10 |
|  clk_IBUF_BUFG | int_tx/div                 | reset_IBUF             |                2 |             12 |
|  clk_IBUF_BUFG |                            | br_g/ciclos[7]_i_1_n_0 |                2 |             14 |
|  clk_IBUF_BUFG | rx_mod/b_next              | reset_IBUF             |                2 |             16 |
|  clk_IBUF_BUFG | rx_mod/first_op_reg[7][0]  | reset_IBUF             |                3 |             16 |
|  clk_IBUF_BUFG | rx_mod/second_op_reg[7][0] | reset_IBUF             |                3 |             16 |
|  clk_IBUF_BUFG | int_tx/aux                 | reset_IBUF             |                5 |             16 |
|  clk_IBUF_BUFG | tx_mod/b_next_0            | reset_IBUF             |                3 |             16 |
|  clk_IBUF_BUFG | int_tx/dig[7]_i_1_n_0      | reset_IBUF             |                7 |             16 |
|  clk_IBUF_BUFG | int_tx/salida[7]_i_1_n_0   | reset_IBUF             |                4 |             18 |
|  clk_IBUF_BUFG |                            | reset_IBUF             |                9 |             36 |
|  clk_IBUF_BUFG | rx_mod/E[0]                | reset_IBUF             |                6 |             42 |
+----------------+----------------------------+------------------------+------------------+----------------+


